<html>
<body>
<pre>
<h1>µVision Build Log</h1>
<h2>Tool Versions:</h2>
IDE-Version: ¦ÌVision V5.23.0.0
Copyright (C) 2017 ARM Ltd and ARM Germany GmbH. All rights reserved.
License Information: gohead Newborn, gohead, LIC=50D74-FZ750-WKUB8-3M9CR-ADNAC-N2KJZ
 
Tool Versions:
Toolchain:       MDK-ARM Professional  Version: 5.23
Toolchain Path:  C:\Keil_v5\ARM\ARMCC\Bin
C Compiler:      Armcc.exe V5.06 update 4 (build 422)
Assembler:       Armasm.exe V5.06 update 4 (build 422)
Linker/Locator:  ArmLink.exe V5.06 update 4 (build 422)
Library Manager: ArmAr.exe V5.06 update 4 (build 422)
Hex Converter:   FromElf.exe V5.06 update 4 (build 422)
CPU DLL:         SARMCM3.DLL V5.23
Dialog DLL:      DCM.DLL V1.15.0.0
Target DLL:      STLink\ST-LINKIII-KEIL_SWO.dll V2.0.18.0
Dialog DLL:      TCM.DLL V1.27.0.0
 
<h2>Project:</h2>
G:\myGithub\airfly\airfly\Project\MDK-ARM(uV4)\Nucleof411re-std.uvprojx
Project File Date:  04/15/2018

<h2>Output:</h2>
*** Using Compiler 'V5.06 update 4 (build 422)', folder: 'C:\Keil_v5\ARM\ARMCC\Bin'
Build target 'Target 1'
compiling bsp_DwtDelay.c...
compiling bsp.c...
compiling bsp_myDs18b20.c...
compiling bsp_led.c...
compiling bsp_key.c...
compiling SysInfoTest.c...
compiling main.c...
compiling bsp_SysTick.c...
compiling stm32f4xx_it.c...
compiling bsp_SysClock.c...
compiling bsp_timer.c...
compiling stm32f4xx_assert.c...
compiling bsp_usart_fifo.c...
compiling bsp_OledShow.c...
compiling bsp_tim_pwm.c...
compiling misc.c...
compiling bsp_sdio_sd.c...
compiling stm32f4xx_dma.c...
compiling stm32f4xx_adc.c...
compiling stm32f4xx_exti.c...
compiling stm32f4xx_gpio.c...
compiling stm32f4xx_spi.c...
compiling stm32f4xx_rcc.c...
compiling stm32f4xx_rtc.c...
compiling stm32f4xx_sdio.c...
compiling stm32f4xx_tim.c...
compiling stm32f4xx_usart.c...
compiling stm32f4xx_flash.c...
compiling system_stm32f4xx.c...
compiling stm32f4xx_flash_ramfunc.c...
compiling common.c...
compiling flash_if.c...
compiling menu.c...
compiling ymodem.c...
linking...
Program Size: Code=3256 RO-data=440 RW-data=112 ZI-data=3192  
FromELF: creating hex file...
After Build - User command #2: fromelf.exe -bin -o   ./Objects/output.bin  ./Objects/Nucleof411re-std.axf
Warning: Q3910W: Old syntax, please use '--bin'.
Finished: 0 information, 1 warning and 0 error messages.
".\Objects\Nucleof411re-std.axf" - 0 Error(s), 0 Warning(s).

<h2>Collection of Component include folders:</h2>
  .\RTE\_Target_1
  C:\Keil_v5\ARM\PACK\Keil\STM32F4xx_DFP\2.9.0\Drivers\CMSIS\Device\ST\STM32F4xx\Include

<h2>Collection of Component Files used:</h2>
Build Time Elapsed:  00:00:05
</pre>
</body>
</html>
